(version 0.2)
(defaggr ag 1 0)
(definteger bits)
(definteger foo)
(definteger operatorPrecedence)
(definteger tsc)

 ;;;;;
(vprobe HV_Exit ( setint tsc   TSC))
 ;;;;;
(vprobe HV_Resume ( aggr  ag (  (& VMCS_CS  3 )) ()  (- TSC  tsc )))
 ;;;;;
(vprobe VMM1Hz ( do  ( setint bits   12)( setint operatorPrecedence    (&&  (> 7  12 )   (==  (~ bits )  3 ) ))( cond  ( (&&  (== operatorPrecedence  3 )   (== bits  3735928559 ) )( do  ( setint foo   bits))))))